******************************************************************************
                  TMS470 Linker PC v4.6.6                      
******************************************************************************
>> Linked Mon Sep 24 21:49:48 2012

OUTPUT FILE NAME:   <Prototipo.out>
ENTRY POINT SYMBOL: "_c_int00"  address: 00004355


MEMORY CONFIGURATION

         name            origin    length      used     unused   attr    fill
----------------------  --------  ---------  --------  --------  ----  --------
  FLASH                 00000000   00020000  000050ca  0001af36  R  X
  SRAM                  20000000   00010000  000017cc  0000e834  RW X


SEGMENT ALLOCATION MAP

run origin  load origin   length   init length attrs members
----------  ----------- ---------- ----------- ----- -------
00000000    00000000    000050d0   000050d0    r-x
  00000000    00000000    00000100   00000100    r-- .intvecs
  00000100    00000100    000046ea   000046ea    r-x .text
  000047ec    000047ec    00000838   00000838    r-- .const
  00005028    00005028    000000a8   000000a8    r-- .cinit
20000000    20000000    000015a0   00000000    rw-
  20000000    20000000    0000099c   00000000    rw- .bss
  200009a0    200009a0    00000800   00000000    rw- .sysmem
  200011a0    200011a0    00000400   00000000    rw- .stack
200015a0    200015a0    00000230   00000230    rw-
  200015a0    200015a0    00000230   00000230    rw- .data


SECTION ALLOCATION MAP

 output                                  attributes/
section   page    origin      length       input sections
--------  ----  ----------  ----------   ----------------
.intvecs   0    00000000    00000100     
                  00000000    00000100     startup_ccs.obj (.intvecs)

.text      0    00000100    000046ea     
                  00000100    00000e46     rtsv7M3_T_le_eabi.lib : _printfi.obj (.text)
                  00000f46    00000002     startup_ccs.obj (.text:FaultISR)
                  00000f48    000003e8     rtsv7M3_T_le_eabi.lib : memory.obj (.text)
                  00001330    0000036c                           : lowlev.obj (.text)
                  0000169c    000002f4                           : trgdrv.obj (.text)
                  00001990    000002e6     string.obj (.text:GrStringDraw)
                  00001c76    00000002     formike128x128x16.obj (.text:Formike128x128x16Flush)
                  00001c78    0000028a     ustdlib.obj (.text:uvsnprintf)
                  00001f02    000001f4     rtsv7M3_T_le_eabi.lib : ull_div_t2.obj (.text)
                  000020f6    00000002     startup_ccs.obj (.text:IntDefaultHandler)
                  000020f8    000001e0     rtsv7M3_T_le_eabi.lib : fopen.obj (.text)
                  000022d8    000001b8     formike128x128x16.obj (.text:Formike128x128x16Init)
                  00002490    000001b6     rtsv7M3_T_le_eabi.lib : fd_add_t2.obj (.text)
                  00002646    00000002     startup_ccs.obj (.text:NmiSR)
                  00002648    000001ac     driverlib.lib : sysctl.obj (.text:SysCtlClockGet)
                  000027f4    00000184     u_logger.obj (.text:out)
                  00002978    00000174     u_scheduler.obj (.text:uScheduler_intHandler)
                  00002aec    0000014a     formike128x128x16.obj (.text:Formike128x128x16PixelDrawMultiple)
                  00002c36    00000136     rtsv7M3_T_le_eabi.lib : fd_div_t2.obj (.text)
                  00002d6c    00000128     driverlib.lib : sysctl.obj (.text:SysCtlClockSet)
                  00002e94    0000010c     main.obj (.text:main)
                  00002fa0    00000100     rtsv7M3_T_le_eabi.lib : fputs.obj (.text)
                  000030a0    000000fc                           : fd_mul_t2.obj (.text)
                  0000319c    000000ec     fake_r_encoder_constant_velocity.obj (.text:REncoder_config)
                  00003288    000000d0     fake_r_encoder_constant_velocity.obj (.text:REncoder_fakeDataGenerator)
                  00003358    000000d0     r_encoder_data_processing.obj (.text:REncoder_periodicProcessingProtoThread)
                  00003428    000000b0     rtsv7M3_T_le_eabi.lib : _io_perm.obj (.text)
                  000034d8    000000a4                           : fflush.obj (.text)
                  0000357c    000000a4                           : setvbuf.obj (.text)
                  00003620    0000009c                           : memcpy_t2.obj (.text)
                  000036bc    0000009a     rectangle.obj (.text:GrRectFill)
                  00003756    00000002     rtsv7M3_T_le_eabi.lib : tdeh_init.obj (.text)
                  00003758    00000098     u_scheduler.obj (.text:uScheduler_addProcess)
                  000037f0    00000094     rtsv7M3_T_le_eabi.lib : auto_init.obj (.text)
                  00003884    00000094     u_clock.obj (.text:uClock_timerIntHandler)
                  00003918    00000092     rtsv7M3_T_le_eabi.lib : fs_div_t2.obj (.text)
                  000039aa    00000002     u_logger.obj (.text:uLogger_debug)
                  000039ac    00000080     u_clock.obj (.text:uClock_initialize)
                  00003a2c    0000007e     rtsv7M3_T_le_eabi.lib : fd_cmp_t2.obj (.text)
                  00003aaa    00000002     --HOLE-- [fill = 0]
                  00003aac    0000007c     driverlib.lib : interrupt.obj (.text:IntEnable)
                  00003b28    0000007c     rtsv7M3_T_le_eabi.lib : fputc.obj (.text)
                  00003ba4    0000007a                           : fs_mul_t2.obj (.text)
                  00003c1e    00000078                           : memset_t2.obj (.text)
                  00003c96    00000072     formike128x128x16.obj (.text:Formike128x128x16RectFill)
                  00003d08    00000068     u_scheduler.obj (.text:uScheduler_configure)
                  00003d70    00000066     rtsv7M3_T_le_eabi.lib : ltoa.obj (.text)
                  00003dd6    00000060     formike128x128x16.obj (.text:Formike128x128x16LineDrawH)
                  00003e36    00000002     --HOLE-- [fill = 0]
                  00003e38    00000060     rtsv7M3_T_le_eabi.lib : fclose.obj (.text)
                  00003e98    00000060                           : i_divt2.obj (.text)
                  00003ef8    00000060                           : trgmsg.obj (.text)
                  00003f58    0000005c     formike128x128x16.obj (.text:Formike128x128x16LineDrawV)
                  00003fb4    00000054     rtsv7M3_T_le_eabi.lib : printf.obj (.text)
                  00004008    00000050     movement_db.obj (.text:mdb_pushPositionDifference)
                  00004058    00000050     rtsv7M3_T_le_eabi.lib : atoi.obj (.text)
                  000040a8    0000004c                           : cpy_tbl.obj (.text)
                  000040f4    0000004c                           : fseek.obj (.text)
                  00004140    00000048                           : copy_decompress_rle.obj (.text:decompress:rle)
                  00004188    00000048                           : fd_toi_t2.obj (.text)
                  000041d0    00000046     line.obj (.text:GrLineDrawH)
                  00004216    00000044     formike128x128x16.obj (.text:Formike128x128x16PixelDraw)
                  0000425a    00000002     --HOLE-- [fill = 0]
                  0000425c    00000044     rtsv7M3_T_le_eabi.lib : exit.obj (.text)
                  000042a0    00000042                           : u_divt2.obj (.text)
                  000042e2    00000038                           : fs_tod_t2.obj (.text)
                  0000431a    00000038                           : fs_toi_t2.obj (.text)
                  00004352    00000002     --HOLE-- [fill = 0]
                  00004354    00000034                           : boot.obj (.text)
                  00004388    00000034                           : fs_tou_t2.obj (.text)
                  000043bc    00000034                           : strncpy.obj (.text)
                  000043f0    0000002e                           : i_tofd_t2.obj (.text)
                  0000441e    00000002     --HOLE-- [fill = 0]
                  00004420    00000028     formike128x128x16.obj (.text:WriteCommand)
                  00004448    00000024     driverlib.lib : interrupt.obj (.text:IntPrioritySet)
                  0000446c    00000024     rtsv7M3_T_le_eabi.lib : u_tofs_t2.obj (.text)
                  00004490    00000020     context.obj (.text:GrContextInit)
                  000044b0    00000020     driverlib.lib : sysctl.obj (.text:SysCtlPeripheralEnable)
                  000044d0    00000020     ui_prototype_screen.obj (.text:UI_prototypeScreen_setup)
                  000044f0    00000020     rtsv7M3_T_le_eabi.lib : args_main.obj (.text)
                  00004510    00000020                           : u_tofd_t2.obj (.text)
                  00004530    0000001e                           : memccpy.obj (.text)
                  0000454e    00000002     --HOLE-- [fill = 0]
                  00004550    0000001c     driverlib.lib : timer.obj (.text:TimerConfigure)
                  0000456c    0000001a     rtsv7M3_T_le_eabi.lib : strcmp.obj (.text)
                  00004586    0000001a     ustdlib.obj (.text:usnprintf)
                  000045a0    00000018     formike128x128x16.obj (.text:Formike128x128x16ColorTranslate)
                  000045b8    00000018     formike128x128x16.obj (.text:WriteData)
                  000045d0    00000018     rtsv7M3_T_le_eabi.lib : _lock.obj (.text)
                  000045e8    00000018                           : ll_mul_t2.obj (.text)
                  00004600    00000018     synchronization.obj (.text:sync_tryLock)
                  00004618    00000016     rtsv7M3_T_le_eabi.lib : memchr.obj (.text)
                  0000462e    00000016                           : strchr.obj (.text)
                  00004644    00000016                           : strlen.obj (.text)
                  0000465a    00000002     --HOLE-- [fill = 0]
                  0000465c    00000014     driverlib.lib : systick.obj (.text:SysTickDisable)
                  00004670    00000014                   : systick.obj (.text:SysTickEnable)
                  00004684    00000014                   : systick.obj (.text:SysTickIntEnable)
                  00004698    00000012                   : timer.obj (.text:TimerLoadSet)
                  000046aa    00000012     rtsv7M3_T_le_eabi.lib : copy_decompress_none.obj (.text:decompress:none)
                  000046bc    00000011     u_logger.obj (.text:uLogger_error)
                  000046cd    00000003     --HOLE-- [fill = 0]
                  000046d0    00000010     formike128x128x16.obj (.text:Formike128x128x16BacklightOn)
                  000046e0    00000010     driverlib.lib : systick.obj (.text:SysTickPeriodSet)
                  000046f0    00000010     rtsv7M3_T_le_eabi.lib : copy_zero_init.obj (.text:decompress:ZI)
                  00004700    00000010                           : strcpy.obj (.text)
                  00004710    00000010     u_logger.obj (.text:uLogger_info)
                  00004720    0000000e     driverlib.lib : timer.obj (.text:TimerEnable)
                  0000472e    0000000c                   : cpu.obj (.text:CPUcpsid)
                  0000473a    0000000c                   : cpu.obj (.text:CPUcpsie)
                  00004746    00000002     --HOLE-- [fill = 0]
                  00004748    0000000c     main.obj (.text:basicHardwareSetup)
                  00004754    0000000c     movement_db.obj (.text:mdb_releaseWriteLock)
                  00004760    0000000c     movement_db.obj (.text:mdb_tryWriteLock)
                  0000476c    0000000c     u_clock.obj (.text:uClock_currentMseconds)
                  00004778    0000000c     u_clock.obj (.text:uClock_secondsSinceStart)
                  00004784    0000000c     u_logger.obj (.text:uLogger_enableLogToPrintf)
                  00004790    0000000a     driverlib.lib : interrupt.obj (.text:IntMasterDisable)
                  0000479a    0000000a                   : interrupt.obj (.text:IntMasterEnable)
                  000047a4    0000000a     synchronization.obj (.text:__LDREXW)
                  000047ae    0000000a     synchronization.obj (.text:__STREXW)
                  000047b8    00000008     driverlib.lib : timer.obj (.text:TimerIntEnable)
                  000047c0    00000008     config.obj (.text:cfg_getMetersPerPulse)
                  000047c8    00000008     main.obj (.text:configInterruptsPriorities)
                  000047d0    00000006     startup_ccs.obj (.text:ResetISR)
                  000047d6    00000006     driverlib.lib : sysctl.obj (.text:SysCtlDelay)
                  000047dc    00000006     synchronization.obj (.text:sync_releaseLock)
                  000047e2    00000004     driverlib.lib : timer.obj (.text:TimerIntClear)
                  000047e6    00000004     rtsv7M3_T_le_eabi.lib : remove.obj (.text)

.const     0    000047ec    00000838     
                  000047ec    0000055f     fontcm12.obj (.const:g_pucCm12Data)
                  00004d4b    00000001     --HOLE-- [fill = 0]
                  00004d4c    00000101     rtsv7M3_T_le_eabi.lib : ctype.obj (.const:_ctypes_)
                  00004e4d    00000003     --HOLE-- [fill = 0]
                  00004e50    000000c8     fontcm12.obj (.const:g_sFontCm12)
                  00004f18    0000005c     driverlib.lib : sysctl.obj (.const:g_pulXtals)
                  00004f74    00000048                   : interrupt.obj (.const:g_pulRegs)
                  00004fbc    00000040                   : sysctl.obj (.const)
                  00004ffc    00000028     formike128x128x16.obj (.const:g_sFormike128x128x16)

.cinit     0    00005028    000000a8     
                  00005028    0000007e     (.cinit..data.load) [load image, compression = rle]
                  000050a6    00000002     --HOLE-- [fill = 0]
                  000050a8    0000000c     (__TI_handler_table)
                  000050b4    00000004     --HOLE-- [fill = 0]
                  000050b8    00000008     (.cinit..bss.load) [load image, compression = zero_init]
                  000050c0    00000010     (__TI_cinit_table)

.bss       0    20000000    0000099c     UNINITIALIZED
                  20000000    00000200     fake_r_encoder_constant_velocity.obj (.bss:renc_timeMseconds)
                  20000200    00000200     fake_r_encoder_constant_velocity.obj (.bss:renc_timeSeconds)
                  20000400    00000120     rtsv7M3_T_le_eabi.lib : trgmsg.obj (.bss:__CIOBUF_)
                  20000520    000000c8                           : trgdrv.obj (.bss:result$1)
                  200005e8    000000c0     movement_db.obj (.bss:mdb_recentData)
                  200006a8    000000a0     rtsv7M3_T_le_eabi.lib : defs.obj (.bss:_tmpnams)
                  20000748    00000060     fake_r_encoder_constant_velocity.obj (.bss:fre_tmpMseconds)
                  200007a8    00000060     fake_r_encoder_constant_velocity.obj (.bss:fre_tmpSeconds)
                  20000808    00000050     main.obj (.bss:protothreads)
                  20000858    00000048     fake_r_encoder_constant_velocity.obj (.bss:fre_textToDisplay)
                  200008a0    00000028     u_scheduler.obj (.bss:cyclesBetweenRuns)
                  200008c8    00000028     u_scheduler.obj (.bss:cyclesToRun)
                  200008f0    00000028     fake_r_encoder_constant_velocity.obj (.bss)
                  20000918    00000028     u_scheduler.obj (.bss:processes)
                  20000940    00000028     main.obj (.bss:protothreads_state)
                  20000968    0000001c     ui_prototype_screen.obj (.bss)
                  20000984    00000008     r_encoder_data_processing.obj (.bss)
                  2000098c    00000008     rtsv7M3_T_le_eabi.lib : trgdrv.obj (.bss)
                  20000994    00000004     u_logger.obj (.bss)
                  20000998    00000004     u_scheduler.obj (.bss)

.sysmem    0    200009a0    00000800     UNINITIALIZED
                  200009a0    00000008     rtsv7M3_T_le_eabi.lib : memory.obj (.sysmem)
                  200009a8    000007f8     --HOLE--

.stack     0    200011a0    00000400     UNINITIALIZED
                  200011a0    00000400     --HOLE--

.data      0    200015a0    00000230     
                  200015a0    000000f0     rtsv7M3_T_le_eabi.lib : defs.obj (.data:_ftable)
                  20001690    00000078                           : lowlev.obj (.data:_device)
                  20001708    00000050                           : lowlev.obj (.data:_stream)
                  20001758    00000010                           : defs.obj (.data)
                  20001768    00000010     u_logger.obj (.data)
                  20001778    0000000d     u_clock.obj (.data)
                  20001785    00000003     --HOLE--
                  20001788    0000000c     movement_db.obj (.data)
                  20001794    0000000c     rtsv7M3_T_le_eabi.lib : memory.obj (.data)
                  200017a0    00000008     main.obj (.data)
                  200017a8    00000008     rtsv7M3_T_le_eabi.lib : _lock.obj (.data)
                  200017b0    00000008                           : exit.obj (.data)
                  200017b8    00000005     u_scheduler.obj (.data)
                  200017bd    00000003     --HOLE--
                  200017c0    00000004     fake_r_encoder_constant_velocity.obj (.data)
                  200017c4    00000004     rtsv7M3_T_le_eabi.lib : fopen.obj (.data)
                  200017c8    00000004                           : lowlev.obj (.data)
                  200017cc    00000004                           : stkdepth_vars.obj (.data)


LINKER GENERATED COPY TABLES

__TI_cinit_table @ 000050c0 records: 2, size/record: 8, table size: 16
	.data: load addr=00005028, load size=0000007e bytes, run addr=200015a0, run size=00000230 bytes, compression=rle
	.bss: load addr=000050b8, load size=00000008 bytes, run addr=20000000, run size=0000099c bytes, compression=zero_init


LINKER GENERATED HANDLER TABLE

__TI_handler_table @ 000050a8 records: 3, size/record: 4, table size: 12
	index: 0, handler: __TI_decompress_rle
	index: 1, handler: __TI_decompress_none
	index: 2, handler: __TI_zero_init


GLOBAL SYMBOLS: SORTED ALPHABETICALLY BY Name 

address    name
--------   ----
0000425d   C$$EXIT
00003f23   C$$IO$$
0000472f   CPUcpsid
0000473b   CPUcpsie
000046d1   Formike128x128x16BacklightOn
000022d9   Formike128x128x16Init
00004491   GrContextInit
000041d1   GrLineDrawH
000036bd   GrRectFill
00001991   GrStringDraw
0000193d   HOSTclock
000018f9   HOSTclose
0000189d   HOSTlseek
0000184d   HOSTopen
000017ff   HOSTread
0000179f   HOSTrename
00001763   HOSTtime
00001729   HOSTunlink
000016db   HOSTwrite
00003aad   IntEnable
00004791   IntMasterDisable
0000479b   IntMasterEnable
00004449   IntPrioritySet
0000319d   REncoder_config
00003289   REncoder_fakeDataGenerator
00003359   REncoder_periodicProcessingProtoThread
000047d1   ResetISR
00002649   SysCtlClockGet
00002d6d   SysCtlClockSet
000047d7   SysCtlDelay
000044b1   SysCtlPeripheralEnable
0000465d   SysTickDisable
00004671   SysTickEnable
00004685   SysTickIntEnable
000046e1   SysTickPeriodSet
00004551   TimerConfigure
00004721   TimerEnable
000047e3   TimerIntClear
000047b9   TimerIntEnable
00004699   TimerLoadSet
000044d1   UI_prototypeScreen_setup
20000400   __CIOBUF_
000047a5   __LDREXW
200015a0   __STACK_END
00000400   __STACK_SIZE
200015a0   __STACK_TOP
000047af   __STREXW
00000800   __SYSMEM_SIZE
000050c0   __TI_CINIT_Base
000050d0   __TI_CINIT_Limit
000050a8   __TI_Handler_Table_Base
000050b4   __TI_Handler_Table_Limit
00000001   __TI_args_main
000037f1   __TI_auto_init
000046ab   __TI_decompress_none
00004141   __TI_decompress_rle
00000000   __TI_static_base__
000046f1   __TI_zero_init
00003a2d   __aeabi_cdcmpeq
00003a2d   __aeabi_cdcmple
00004189   __aeabi_d2iz
0000249b   __aeabi_dadd
00002c37   __aeabi_ddiv
000030a1   __aeabi_dmul
00002491   __aeabi_dsub
000042e3   __aeabi_f2d
0000431b   __aeabi_f2iz
00004389   __aeabi_f2uiz
00003919   __aeabi_fdiv
00003ba5   __aeabi_fmul
000043f1   __aeabi_i2d
00003e99   __aeabi_idivmod
000045e9   __aeabi_lmul
00003c1f   __aeabi_memclr
00003c1f   __aeabi_memclr4
00003c1f   __aeabi_memclr8
00003621   __aeabi_memcpy
00003621   __aeabi_memcpy4
00003621   __aeabi_memcpy8
00003c21   __aeabi_memset
00003c21   __aeabi_memset4
00003c21   __aeabi_memset8
20001764   __aeabi_stderr
2000175c   __aeabi_stdin
20001760   __aeabi_stdout
00004511   __aeabi_ui2d
0000446d   __aeabi_ui2f
000042a1   __aeabi_uidivmod
00001f03   __aeabi_uldivmod
ffffffff   __binit__
ffffffff   __c_args__
200011a0   __stack
00003757   __tdeh_init
000044f1   _args_main
00004355   _c_int00
000021c9   _cleanup
200017b0   _cleanup_ptr
00004d4c   _ctypes_
000034d9   _doflush
200017b4   _dtors_ptr
20001758   _ft_end
200015a0   _ftable
200017a8   _lock
000045dd   _nop
00000db7   _printfi
0000348d   _rd_ok
000045d7   _register_lock
000045d1   _register_unlock
200009a0   _sys_memory
200006a8   _tmpnams
200017ac   _unlock
00003429   _wrt_ok
00004261   abort
0000160f   add_device
00004059   atoi
00004749   basicHardwareSetup
ffffffff   binit
000012f3   calloc
000047c1   cfg_getMetersPerPulse
000015c1   close
000047c9   configInterruptsPriorities
000040a9   copy_in
2000176c   currentLogLine
20001780   currentSecondTicks
200017b8   currentlyManagedProcesses
200008a0   cyclesBetweenRuns
200008c8   cyclesToRun
20001769   displayActive
20000994   displayGraphicContext
20001770   displayLock
00004269   exit
20000908   fakeVelocity
00003e39   fclose
00003525   fflush
000015ad   find_registered_device
20000988   firstIndexToProcess
00002295   fopen
00003b29   fputc
00002fa1   fputs
20000858   fre_textToDisplay
20000748   fre_tmpMseconds
200007a8   fre_tmpSeconds
200017c0   fre_usedTmpStorage
00001037   free
00002201   freopen
000040f5   fseek
00000000   g_pfnVectors
00004e50   g_sFontCm12
00004ffc   g_sFormike128x128x16
0000169d   getenv
20000904   i
20000984   idx
20001784   ledState
0000156d   lseek
00003d71   ltoa
00002e95   main
200017cc   main_func_sp
00000fd5   malloc
00004009   mdb_pushPositionDifference
200005e8   mdb_recentData
20001790   mdb_recentDataNStored
2000178c   mdb_recentDataNextIdx
00004755   mdb_releaseWriteLock
00004761   mdb_tryWriteLock
20001788   mdb_writeLock
00001219   memalign
00004531   memccpy
00004619   memchr
00003621   memcpy
00003c27   memset
2000090c   metersPerPulse
00000f49   minit
20000900   nowMsecs
200008fc   nowSecs
000014e5   open
000027f5   out
200017a4   printVelocityCounter
00003fb5   printf
20001768   printfActive
20001774   printfLock
20000918   processes
20000940   protothreads_state
20000914   pulsePeriodMsecs
20000910   pulsesPerSecond
00003b29   putc
00003b9b   putchar
0000307d   puts
00001469   read
00003f27   readmsg
00001101   realloc
000047e7   remove
00001441   remove_device
00001405   rename
200008f4   renc_firstFreeIndex
200008f0   renc_samplesPendingProcessing
200008f8   renc_storageLock
20000000   renc_timeMseconds
20000200   renc_timeSeconds
200017bc   running
20000968   sContext
2000177c   secondsSinceStart
0000357d   setvbuf
0000462f   strchr
0000456d   strcmp
00004701   strcpy
00004645   strlen
000043bd   strncpy
000047dd   sync_releaseLock
00004601   sync_tryLock
20001778   uClock_clockRate
0000476d   uClock_currentMseconds
000039ad   uClock_initialize
00004779   uClock_secondsSinceStart
00003885   uClock_timerIntHandler
000039ab   uLogger_debug
00004785   uLogger_enableLogToPrintf
000046bd   uLogger_error
00004711   uLogger_info
00003759   uScheduler_addProcess
20000998   uScheduler_clockRate
00003d09   uScheduler_configure
00002979   uScheduler_intHandler
000013e1   unlink
00004587   usnprintf
00001c79   uvsnprintf
00001331   write
00003ef9   writemsg


GLOBAL SYMBOLS: SORTED BY Symbol Address 

address    name
--------   ----
00000000   __TI_static_base__
00000000   g_pfnVectors
00000001   __TI_args_main
00000400   __STACK_SIZE
00000800   __SYSMEM_SIZE
00000db7   _printfi
00000f49   minit
00000fd5   malloc
00001037   free
00001101   realloc
00001219   memalign
000012f3   calloc
00001331   write
000013e1   unlink
00001405   rename
00001441   remove_device
00001469   read
000014e5   open
0000156d   lseek
000015ad   find_registered_device
000015c1   close
0000160f   add_device
0000169d   getenv
000016db   HOSTwrite
00001729   HOSTunlink
00001763   HOSTtime
0000179f   HOSTrename
000017ff   HOSTread
0000184d   HOSTopen
0000189d   HOSTlseek
000018f9   HOSTclose
0000193d   HOSTclock
00001991   GrStringDraw
00001c79   uvsnprintf
00001f03   __aeabi_uldivmod
000021c9   _cleanup
00002201   freopen
00002295   fopen
000022d9   Formike128x128x16Init
00002491   __aeabi_dsub
0000249b   __aeabi_dadd
00002649   SysCtlClockGet
000027f5   out
00002979   uScheduler_intHandler
00002c37   __aeabi_ddiv
00002d6d   SysCtlClockSet
00002e95   main
00002fa1   fputs
0000307d   puts
000030a1   __aeabi_dmul
0000319d   REncoder_config
00003289   REncoder_fakeDataGenerator
00003359   REncoder_periodicProcessingProtoThread
00003429   _wrt_ok
0000348d   _rd_ok
000034d9   _doflush
00003525   fflush
0000357d   setvbuf
00003621   __aeabi_memcpy
00003621   __aeabi_memcpy4
00003621   __aeabi_memcpy8
00003621   memcpy
000036bd   GrRectFill
00003757   __tdeh_init
00003759   uScheduler_addProcess
000037f1   __TI_auto_init
00003885   uClock_timerIntHandler
00003919   __aeabi_fdiv
000039ab   uLogger_debug
000039ad   uClock_initialize
00003a2d   __aeabi_cdcmpeq
00003a2d   __aeabi_cdcmple
00003aad   IntEnable
00003b29   fputc
00003b29   putc
00003b9b   putchar
00003ba5   __aeabi_fmul
00003c1f   __aeabi_memclr
00003c1f   __aeabi_memclr4
00003c1f   __aeabi_memclr8
00003c21   __aeabi_memset
00003c21   __aeabi_memset4
00003c21   __aeabi_memset8
00003c27   memset
00003d09   uScheduler_configure
00003d71   ltoa
00003e39   fclose
00003e99   __aeabi_idivmod
00003ef9   writemsg
00003f23   C$$IO$$
00003f27   readmsg
00003fb5   printf
00004009   mdb_pushPositionDifference
00004059   atoi
000040a9   copy_in
000040f5   fseek
00004141   __TI_decompress_rle
00004189   __aeabi_d2iz
000041d1   GrLineDrawH
0000425d   C$$EXIT
00004261   abort
00004269   exit
000042a1   __aeabi_uidivmod
000042e3   __aeabi_f2d
0000431b   __aeabi_f2iz
00004355   _c_int00
00004389   __aeabi_f2uiz
000043bd   strncpy
000043f1   __aeabi_i2d
00004449   IntPrioritySet
0000446d   __aeabi_ui2f
00004491   GrContextInit
000044b1   SysCtlPeripheralEnable
000044d1   UI_prototypeScreen_setup
000044f1   _args_main
00004511   __aeabi_ui2d
00004531   memccpy
00004551   TimerConfigure
0000456d   strcmp
00004587   usnprintf
000045d1   _register_unlock
000045d7   _register_lock
000045dd   _nop
000045e9   __aeabi_lmul
00004601   sync_tryLock
00004619   memchr
0000462f   strchr
00004645   strlen
0000465d   SysTickDisable
00004671   SysTickEnable
00004685   SysTickIntEnable
00004699   TimerLoadSet
000046ab   __TI_decompress_none
000046bd   uLogger_error
000046d1   Formike128x128x16BacklightOn
000046e1   SysTickPeriodSet
000046f1   __TI_zero_init
00004701   strcpy
00004711   uLogger_info
00004721   TimerEnable
0000472f   CPUcpsid
0000473b   CPUcpsie
00004749   basicHardwareSetup
00004755   mdb_releaseWriteLock
00004761   mdb_tryWriteLock
0000476d   uClock_currentMseconds
00004779   uClock_secondsSinceStart
00004785   uLogger_enableLogToPrintf
00004791   IntMasterDisable
0000479b   IntMasterEnable
000047a5   __LDREXW
000047af   __STREXW
000047b9   TimerIntEnable
000047c1   cfg_getMetersPerPulse
000047c9   configInterruptsPriorities
000047d1   ResetISR
000047d7   SysCtlDelay
000047dd   sync_releaseLock
000047e3   TimerIntClear
000047e7   remove
00004d4c   _ctypes_
00004e50   g_sFontCm12
00004ffc   g_sFormike128x128x16
000050a8   __TI_Handler_Table_Base
000050b4   __TI_Handler_Table_Limit
000050c0   __TI_CINIT_Base
000050d0   __TI_CINIT_Limit
20000000   renc_timeMseconds
20000200   renc_timeSeconds
20000400   __CIOBUF_
200005e8   mdb_recentData
200006a8   _tmpnams
20000748   fre_tmpMseconds
200007a8   fre_tmpSeconds
20000858   fre_textToDisplay
200008a0   cyclesBetweenRuns
200008c8   cyclesToRun
200008f0   renc_samplesPendingProcessing
200008f4   renc_firstFreeIndex
200008f8   renc_storageLock
200008fc   nowSecs
20000900   nowMsecs
20000904   i
20000908   fakeVelocity
2000090c   metersPerPulse
20000910   pulsesPerSecond
20000914   pulsePeriodMsecs
20000918   processes
20000940   protothreads_state
20000968   sContext
20000984   idx
20000988   firstIndexToProcess
20000994   displayGraphicContext
20000998   uScheduler_clockRate
200009a0   _sys_memory
200011a0   __stack
200015a0   __STACK_END
200015a0   __STACK_TOP
200015a0   _ftable
20001758   _ft_end
2000175c   __aeabi_stdin
20001760   __aeabi_stdout
20001764   __aeabi_stderr
20001768   printfActive
20001769   displayActive
2000176c   currentLogLine
20001770   displayLock
20001774   printfLock
20001778   uClock_clockRate
2000177c   secondsSinceStart
20001780   currentSecondTicks
20001784   ledState
20001788   mdb_writeLock
2000178c   mdb_recentDataNextIdx
20001790   mdb_recentDataNStored
200017a4   printVelocityCounter
200017a8   _lock
200017ac   _unlock
200017b0   _cleanup_ptr
200017b4   _dtors_ptr
200017b8   currentlyManagedProcesses
200017bc   running
200017c0   fre_usedTmpStorage
200017cc   main_func_sp
ffffffff   __binit__
ffffffff   __c_args__
ffffffff   binit

[471 symbols]
